分类: 港澳台, 名称: 翡翠台, 有效: 1, IPv4: 50, IPv6: 0, 最小延迟: 280 ms, 最高速率: 0.99 MiB/s, 平均速率: 0.99 MiB/s, 最高分辨率: 1920x1080, 平均帧率: 未知, 视频编解码器: 未知, 音频编解码器: 未知
分类: 港澳台, 名称: 无线新闻, 有效: 4, IPv4: 48, IPv6: 0, 最小延迟: 147 ms, 最高速率: 5.65 MiB/s, 平均速率: 2.51 MiB/s, 最高分辨率: 1280x720, 平均帧率: 29.99, 视频编解码器: h264, 音频编解码器: aac
分类: 港澳台, 名称: RTHK32, 有效: 0, IPv4: 13, IPv6: 0, 最小延迟: 37 ms, 最高速率: 0.00 MiB/s, 平均速率: 0.00 MiB/s, 最高分辨率: —, 平均帧率: 未知, 视频编解码器: 未知, 音频编解码器: 未知
分类: 港澳台, 名称: Now新闻台, 有效: 2, IPv4: 19, IPv6: 0, 最小延迟: 37 ms, 最高速率: 3.68 MiB/s, 平均速率: 2.09 MiB/s, 最高分辨率: 1280x720, 平均帧率: 未知, 视频编解码器: 未知, 音频编解码器: 未知
分类: 港澳台, 名称: TVBJ1, 有效: 0, IPv4: 8, IPv6: 0, 最小延迟: 267 ms, 最高速率: 0.00 MiB/s, 平均速率: 0.00 MiB/s, 最高分辨率: —, 平均帧率: 未知, 视频编解码器: 未知, 音频编解码器: 未知
分类: 港澳台, 名称: TVB1, 有效: 0, IPv4: 5, IPv6: 0, 最小延迟: 1672 ms, 最高速率: 0.03 MiB/s, 平均速率: 0.00 MiB/s, 最高分辨率: —, 平均帧率: 未知, 视频编解码器: 未知, 音频编解码器: 未知
分类: 港澳台, 名称: 凤凰卫视, 有效: 7, IPv4: 45, IPv6: 0, 最小延迟: 94 ms, 最高速率: 20.48 MiB/s, 平均速率: 7.96 MiB/s, 最高分辨率: 1920x1080, 平均帧率: 25.0, 视频编解码器: h264, 音频编解码器: aac
分类: 港澳台, 名称: 凤凰香港, 有效: 3, IPv4: 50, IPv6: 0, 最小延迟: 47 ms, 最高速率: 4.19 MiB/s, 平均速率: 3.23 MiB/s, 最高分辨率: 1920x1080, 平均帧率: 25.0, 视频编解码器: h264, 音频编解码器: aac
分类: 港澳台, 名称: 凤凰资讯, 有效: 7, IPv4: 36, IPv6: 0, 最小延迟: 70 ms, 最高速率: 25.18 MiB/s, 平均速率: 11.29 MiB/s, 最高分辨率: 1920x1080, 平均帧率: 25.0, 视频编解码器: h264, 音频编解码器: mp2
分类: 港澳台, 名称: 明珠台, 有效: 0, IPv4: 26, IPv6: 0, 最小延迟: 305 ms, 最高速率: 0.18 MiB/s, 平均速率: 0.00 MiB/s, 最高分辨率: —, 平均帧率: 未知, 视频编解码器: 未知, 音频编解码器: 未知
分类: 央视频道, 名称: CCTV-1, 有效: 7, IPv4: 94, IPv6: 0, 最小延迟: 72 ms, 最高速率: 5.87 MiB/s, 平均速率: 1.47 MiB/s, 最高分辨率: 1920x1080, 平均帧率: 28.44, 视频编解码器: h264, 音频编解码器: mp2
分类: 央视频道, 名称: CCTV-2, 有效: 8, IPv4: 81, IPv6: 0, 最小延迟: 49 ms, 最高速率: 6.12 MiB/s, 平均速率: 2.45 MiB/s, 最高分辨率: 1920x1080, 平均帧率: 33.48, 视频编解码器: h264, 音频编解码器: mp2
分类: 央视频道, 名称: CCTV-4, 有效: 7, IPv4: 78, IPv6: 0, 最小延迟: 69 ms, 最高速率: 6.18 MiB/s, 平均速率: 1.98 MiB/s, 最高分辨率: 1920x1080, 平均帧率: 31.18, 视频编解码器: h264, 音频编解码器: mp2
分类: 央视频道, 名称: CCTV-6, 有效: 7, IPv4: 71, IPv6: 0, 最小延迟: 71 ms, 最高速率: 5.92 MiB/s, 平均速率: 2.61 MiB/s, 最高分辨率: 1920x1080, 平均帧率: 26.67, 视频编解码器: h264, 音频编解码器: mp2
分类: 央视频道, 名称: CCTV-8, 有效: 7, IPv4: 76, IPv6: 0, 最小延迟: 74 ms, 最高速率: 5.45 MiB/s, 平均速率: 1.39 MiB/s, 最高分辨率: 1920x1080, 平均帧率: 25.31, 视频编解码器: h264, 音频编解码器: mp2
分类: 央视频道, 名称: CCTV-9, 有效: 7, IPv4: 53, IPv6: 0, 最小延迟: 71 ms, 最高速率: 4.87 MiB/s, 平均速率: 2.03 MiB/s, 最高分辨率: 1920x1080, 平均帧率: 31.94, 视频编解码器: h264, 音频编解码器: mp2
分类: 央视频道, 名称: CCTV-10, 有效: 7, IPv4: 79, IPv6: 0, 最小延迟: 72 ms, 最高速率: 1.87 MiB/s, 平均速率: 1.03 MiB/s, 最高分辨率: 1920x1080, 平均帧率: 31.88, 视频编解码器: h264, 音频编解码器: mp2
分类: 央视频道, 名称: CCTV-13, 有效: 8, IPv4: 173, IPv6: 0, 最小延迟: 46 ms, 最高速率: 5.37 MiB/s, 平均速率: 2.04 MiB/s, 最高分辨率: 1920x1080, 平均帧率: 28.55, 视频编解码器: h264, 音频编解码器: mp2
分类: 广东频道, 名称: 广东珠江, 有效: 8, IPv4: 22, IPv6: 0, 最小延迟: 51 ms, 最高速率: 22.71 MiB/s, 平均速率: 9.52 MiB/s, 最高分辨率: 1920x1080, 平均帧率: 25.0, 视频编解码器: h264, 音频编解码器: aac
分类: 广东频道, 名称: 广东新闻, 有效: 9, IPv4: 18, IPv6: 0, 最小延迟: 43 ms, 最高速率: 19.69 MiB/s, 平均速率: 10.46 MiB/s, 最高分辨率: 1920x1080, 平均帧率: 25.0, 视频编解码器: h264, 音频编解码器: aac
分类: 广东频道, 名称: 广东民生, 有效: 7, IPv4: 23, IPv6: 0, 最小延迟: 70 ms, 最高速率: 3.70 MiB/s, 平均速率: 1.12 MiB/s, 最高分辨率: 1920x1080, 平均帧率: 25.0, 视频编解码器: h264, 音频编解码器: aac
分类: 广东频道, 名称: 南国都市4K, 有效: 7, IPv4: 19, IPv6: 0, 最小延迟: 187 ms, 最高速率: 2.45 MiB/s, 平均速率: 1.08 MiB/s, 最高分辨率: 1920x1080, 平均帧率: 50.0, 视频编解码器: h264, 音频编解码器: aac
分类: 广东频道, 名称: 广州新闻, 有效: 9, IPv4: 26, IPv6: 0, 最小延迟: 209 ms, 最高速率: 1.35 MiB/s, 平均速率: 0.79 MiB/s, 最高分辨率: 1920x1080, 平均帧率: 25.0, 视频编解码器: h264, 音频编解码器: aac
分类: 卫视频道, 名称: 江苏卫视, 有效: 7, IPv4: 83, IPv6: 0, 最小延迟: 46 ms, 最高速率: 15.50 MiB/s, 平均速率: 4.92 MiB/s, 最高分辨率: 1920x1080, 平均帧率: 29.41, 视频编解码器: h264, 音频编解码器: aac
分类: 卫视频道, 名称: 浙江卫视, 有效: 8, IPv4: 80, IPv6: 0, 最小延迟: 47 ms, 最高速率: 6.35 MiB/s, 平均速率: 2.87 MiB/s, 最高分辨率: 1920x1080, 平均帧率: 27.6, 视频编解码器: h264, 音频编解码器: aac
